C:\Program Files\Microsoft Visual Studio\2022\Community\MSBuild\Microsoft\VC\v170\Microsoft.CppBuild.targets(534,5): warning MSB8028: El directorio intermedio (Release\) contiene archivos compartidos de otro proyecto (practica7.vcxproj). Esto puede dar lugar a un comportamiento incorrecto de limpieza y recompilación.
  Camera.cpp
  DirectionalLight.cpp
  Light.cpp
D:\proyectos VS\Visual Studio 2022\P8\Practica 8\practica8\practica8\DirectionalLight.cpp(18,14): warning C4244: 'argumento': conversión de 'GLfloat' a 'GLint'; posible pérdida de datos
D:\proyectos VS\Visual Studio 2022\P8\Practica 8\practica8\practica8\DirectionalLight.cpp(19,14): warning C4244: 'argumento': conversión de 'GLfloat' a 'GLint'; posible pérdida de datos
D:\proyectos VS\Visual Studio 2022\P8\Practica 8\practica8\practica8\DirectionalLight.cpp(21,14): warning C4244: 'argumento': conversión de 'GLfloat' a 'GLint'; posible pérdida de datos
D:\proyectos VS\Visual Studio 2022\P8\Practica 8\practica8\practica8\DirectionalLight.cpp(22,14): warning C4244: 'argumento': conversión de 'GLfloat' a 'GLint'; posible pérdida de datos
  Material.cpp
  Mesh_tn.cpp
  Model.cpp
D:\proyectos VS\Visual Studio 2022\P8\Practica 8\practica8\practica8\Model.cpp(16,10): warning C4477: 'printf' : la cadena de formato '%s' requiere un argumento de tipo 'char *', pero el argumento variádico 1 tiene el tipo 'const std::string'
D:\proyectos VS\Visual Studio 2022\P8\Practica 8\practica8\practica8\Model.cpp(16,80): warning C4474: "printf": se pasaron demasiados argumentos para la cadena de formato
      D:\proyectos VS\Visual Studio 2022\P8\Practica 8\practica8\practica8\Model.cpp(16,80):
      los marcadores de posición y sus parámetros esperan 1 argumentos variádicos, pero se proporcionaron 2
  
D:\proyectos VS\Visual Studio 2022\P8\Practica 8\practica8\practica8\Model.cpp(51,7): warning C4804: '<': uso no seguro del tipo 'bool' en la operación
D:\proyectos VS\Visual Studio 2022\P8\Practica 8\practica8\practica8\Model.cpp(51,21): warning C4018: '<': no coinciden signed/unsigned
D:\proyectos VS\Visual Studio 2022\P8\Practica 8\practica8\practica8\Model.cpp(138,14): warning C4477: 'printf' : la cadena de formato '%s' requiere un argumento de tipo 'char *', pero el argumento variádico 1 tiene el tipo 'std::string'
D:\proyectos VS\Visual Studio 2022\P8\Practica 8\practica8\practica8\Model.cpp(147,14): warning C4477: 'printf' : la cadena de formato '%s' requiere un argumento de tipo 'char *', pero el argumento variádico 1 tiene el tipo 'std::string'
  PointLight.cpp
D:\proyectos VS\Visual Studio 2022\P8\Practica 8\practica8\practica8\PointLight.cpp(28,14): warning C4244: 'argumento': conversión de 'GLfloat' a 'GLint'; posible pérdida de datos
D:\proyectos VS\Visual Studio 2022\P8\Practica 8\practica8\practica8\PointLight.cpp(29,14): warning C4244: 'argumento': conversión de 'GLfloat' a 'GLint'; posible pérdida de datos
D:\proyectos VS\Visual Studio 2022\P8\Practica 8\practica8\practica8\PointLight.cpp(30,14): warning C4244: 'argumento': conversión de 'GLfloat' a 'GLint'; posible pérdida de datos
D:\proyectos VS\Visual Studio 2022\P8\Practica 8\practica8\practica8\PointLight.cpp(32,14): warning C4244: 'argumento': conversión de 'GLfloat' a 'GLint'; posible pérdida de datos
D:\proyectos VS\Visual Studio 2022\P8\Practica 8\practica8\practica8\PointLight.cpp(33,14): warning C4244: 'argumento': conversión de 'GLfloat' a 'GLint'; posible pérdida de datos
D:\proyectos VS\Visual Studio 2022\P8\Practica 8\practica8\practica8\PointLight.cpp(34,14): warning C4244: 'argumento': conversión de 'GLfloat' a 'GLint'; posible pérdida de datos
D:\proyectos VS\Visual Studio 2022\P8\Practica 8\practica8\practica8\PointLight.cpp(35,14): warning C4244: 'argumento': conversión de 'GLfloat' a 'GLint'; posible pérdida de datos
  practica8.cpp
D:\proyectos VS\Visual Studio 2022\P8\Practica 8\practica8\practica8\Window.h(12,36): warning C4244: 'return': conversión de 'GLint' a 'GLfloat'; posible pérdida de datos
  (compilando archivo de origen "practica8.cpp")
  
D:\proyectos VS\Visual Studio 2022\P8\Practica 8\practica8\practica8\Window.h(13,37): warning C4244: 'return': conversión de 'GLint' a 'GLfloat'; posible pérdida de datos
  (compilando archivo de origen "practica8.cpp")
  
D:\proyectos VS\Visual Studio 2022\P8\Practica 8\practica8\practica8\practica8.cpp(370,15): warning C4244: 'inicializando': conversión de 'double' a 'GLfloat'; posible pérdida de datos
D:\proyectos VS\Visual Studio 2022\P8\Practica 8\practica8\practica8\practica8.cpp(372,33): warning C4244: '+=': conversión de 'double' a 'GLfloat'; posible pérdida de datos
  Shader_light.cpp
D:\proyectos VS\Visual Studio 2022\P8\Practica 8\practica8\practica8\Shader_light.cpp(207,75): warning C4244: 'argumento': conversión de 'GLuint' a 'GLfloat'; posible pérdida de datos
D:\proyectos VS\Visual Studio 2022\P8\Practica 8\practica8\practica8\Shader_light.cpp(207,26): warning C4244: 'argumento': conversión de 'GLuint' a 'GLfloat'; posible pérdida de datos
D:\proyectos VS\Visual Studio 2022\P8\Practica 8\practica8\practica8\Shader_light.cpp(206,91): warning C4244: 'argumento': conversión de 'GLuint' a 'GLfloat'; posible pérdida de datos
D:\proyectos VS\Visual Studio 2022\P8\Practica 8\practica8\practica8\Shader_light.cpp(206,42): warning C4244: 'argumento': conversión de 'GLuint' a 'GLfloat'; posible pérdida de datos
D:\proyectos VS\Visual Studio 2022\P8\Practica 8\practica8\practica8\Shader_light.cpp(220,98): warning C4244: 'argumento': conversión de 'GLuint' a 'GLfloat'; posible pérdida de datos
D:\proyectos VS\Visual Studio 2022\P8\Practica 8\practica8\practica8\Shader_light.cpp(220,62): warning C4244: 'argumento': conversión de 'GLuint' a 'GLfloat'; posible pérdida de datos
D:\proyectos VS\Visual Studio 2022\P8\Practica 8\practica8\practica8\Shader_light.cpp(220,24): warning C4244: 'argumento': conversión de 'GLuint' a 'GLfloat'; posible pérdida de datos
D:\proyectos VS\Visual Studio 2022\P8\Practica 8\practica8\practica8\Shader_light.cpp(219,70): warning C4244: 'argumento': conversión de 'GLuint' a 'GLfloat'; posible pérdida de datos
D:\proyectos VS\Visual Studio 2022\P8\Practica 8\practica8\practica8\Shader_light.cpp(219,24): warning C4244: 'argumento': conversión de 'GLuint' a 'GLfloat'; posible pérdida de datos
D:\proyectos VS\Visual Studio 2022\P8\Practica 8\practica8\practica8\Shader_light.cpp(218,88): warning C4244: 'argumento': conversión de 'GLuint' a 'GLfloat'; posible pérdida de datos
D:\proyectos VS\Visual Studio 2022\P8\Practica 8\practica8\practica8\Shader_light.cpp(218,42): warning C4244: 'argumento': conversión de 'GLuint' a 'GLfloat'; posible pérdida de datos
  Skybox.cpp
  Sphere.cpp
D:\proyectos VS\Visual Studio 2022\P8\Practica 8\practica8\practica8\Sphere.cpp(39,13): warning C4244: 'inicializando': conversión de 'double' a 'float'; posible pérdida de datos
D:\proyectos VS\Visual Studio 2022\P8\Practica 8\practica8\practica8\Sphere.cpp(43,16): warning C4244: 'inicializando': conversión de 'double' a 'float'; posible pérdida de datos
  SpotLight.cpp
  Texture.cpp
  Window.cpp
D:\proyectos VS\Visual Studio 2022\P8\Practica 8\practica8\practica8\Window.h(12,36): warning C4244: 'return': conversión de 'GLint' a 'GLfloat'; posible pérdida de datos
  (compilando archivo de origen "Window.cpp")
  
D:\proyectos VS\Visual Studio 2022\P8\Practica 8\practica8\practica8\Window.h(13,37): warning C4244: 'return': conversión de 'GLint' a 'GLfloat'; posible pérdida de datos
  (compilando archivo de origen "Window.cpp")
  
D:\proyectos VS\Visual Studio 2022\P8\Practica 8\practica8\practica8\Window.cpp(263,22): warning C4244: '=': conversión de 'double' a 'GLfloat'; posible pérdida de datos
D:\proyectos VS\Visual Studio 2022\P8\Practica 8\practica8\practica8\Window.cpp(264,22): warning C4244: '=': conversión de 'double' a 'GLfloat'; posible pérdida de datos
D:\proyectos VS\Visual Studio 2022\P8\Practica 8\practica8\practica8\Window.cpp(268,28): warning C4244: '=': conversión de 'double' a 'GLfloat'; posible pérdida de datos
D:\proyectos VS\Visual Studio 2022\P8\Practica 8\practica8\practica8\Window.cpp(269,40): warning C4244: '=': conversión de 'double' a 'GLfloat'; posible pérdida de datos
D:\proyectos VS\Visual Studio 2022\P8\Practica 8\practica8\practica8\Window.cpp(271,21): warning C4244: '=': conversión de 'double' a 'GLfloat'; posible pérdida de datos
D:\proyectos VS\Visual Studio 2022\P8\Practica 8\practica8\practica8\Window.cpp(272,21): warning C4244: '=': conversión de 'double' a 'GLfloat'; posible pérdida de datos
  Generando código
  Previous IPDB not found, fall back to full compilation.
D:\proyectos VS\Visual Studio 2022\P8\Practica 8\practica8\practica8\Window.cpp(87): warning C4715: 'Window::Initialise': no todas las rutas de acceso de control devuelven un valor
  All 926 functions were compiled because no usable IPDB/IOBJ from previous compilation was found.
  Generación de código finalizada
  practica8.vcxproj -> D:\proyectos VS\Visual Studio 2022\P8\Practica 8\practica8\Release\practica8.exe
